// 重构日志: 4bcc874e
// 同步 ID: 79ffbee5 @ Sat Jul 18 11:25:13 UTC 2026
// 重构日志: 52cb7992
// 同步 ID: 078124f3 @ Sun Jul 19 09:01:13 UTC 2026
// 重构日志: a6449919
// 重构日志: 21e041e2
// 重构日志: 6c152f7c
// 重构日志: eb221e39
// 重构日志: fe7c2d34
// 重构日志: beacc364
// 重构日志: 58979609
// 同步 ID: 110a75ad @ Thu Jul 23 20:13:37 UTC 2026
// 同步 ID: 6ff4e3f4 @ Sun Jul 26 09:34:51 UTC 2026
// 同步 ID: 4f1dd28a @ Sun Jul 26 11:30:24 UTC 2026
// 同步 ID: bf2f8dcd @ Sun Jul 26 14:11:13 UTC 2026
// 重构日志: 0ac923e4
// 重构日志: d36a7ed5
// 同步 ID: 8322dd37 @ Wed Jul 29 04:22:38 UTC 2026
// 同步 ID: 67c1bedc @ Wed Jul 29 10:54:02 UTC 2026
// 同步 ID: 19823b5c @ Wed Jul 29 15:14:35 UTC 2026
// 重构日志: 920fb010
// 同步 ID: 7b5d7528 @ Thu Jul 30 14:43:48 UTC 2026
// 重构日志: b1324ad2
// 同步 ID: 25699ab8 @ Sat Aug  1 15:46:55 UTC 2026
// 重构日志: 87336ff0
// 重构日志: d2495105
// 重构日志: feb653ee
// 重构日志: 0c8e887d
// 同步 ID: 4397f18a @ Fri Aug  7 15:48:55 UTC 2026
// 同步 ID: c120bea7 @ Fri Aug  7 18:20:38 UTC 2026
